ERROR
input.cq:3:11: mismatched input '1' expecting IDENTIFIER
