SUCCESS
Program( # input.cq:1:1..2:1
  version: <
    Version( # input.cq:1:9..12
      items: 1.1
    )
  >
  num_qubits: -
  statements: <
    StatementList( # input.cq:1:12..2:1
      items: []
    )
  >
)

