ERROR
Error at input.cq:3:5..6: left-hand side of assignment statement must be assignable
