ERROR
input.cq:3:7: mismatched input '=' expecting {'[', IDENTIFIER}
