ERROR
input.cq:4:1: extraneous input 'measure' expecting {<EOF>, NEW_LINE, ';'}
