ERROR
Error at input.cq:3:7..8: type of right-hand side (real) could not be coerced to left-hand side (int)
