ERROR
Error at input.cq:4:10..13: expected an integer
