ERROR
Error at input.cq:4:7..8: type of right-hand side (qubit) could not be coerced to left-hand side (int)
