SUCCESS
Program(
  api_version: 3.0
  version: <
    Version(
      items: 3
    )
  >
  block: <
    Block(
      statements: []
    )
  >
  functions: []
  variables: [
    Variable(
      name: b
      typ: <
        BoolArray(
          size: 17
        )
      >
      annotations: []
    )
  ]
)

