ERROR
Error at input.cq:5:5..12: failed to resolve overload for measure with argument pack (real, bit)
