ERROR
Error at input.cq:7:5..13: cannot use continue outside of a structured loop
