ERROR
Error at input.cq:4:10..11: expecting a const bool, const int, or const float value
