ERROR
Error at input.cq:3:1..2: no viable alternative at input '\n\nX'
