ERROR
Error at input.cq:4:7..10: failed to resolve variable 'TAU'
