SUCCESS
Program(
  api_version: 3.0
  version: <
    Version(
      items: 3
    )
  >
  statements: [
    AssignmentInstruction(
      lhs: <
        VariableRef(
          variable --> <
            Variable(
              name: f
              typ: <
                FloatArray(
                  size: 2
                )
              >
              annotations: []
            )
          >
        )
      >
      rhs: <
        ConstFloatArray(
          value: [
            ConstFloat(
              value: 1.1
            )
            ConstFloat(
              value: 2.2
            )
          ]
        )
      >
      condition: <
        ConstBool(
          value: 1
        )
      >
      annotations: []
    )
    AssignmentInstruction(
      lhs: <
        VariableRef(
          variable --> <
            Variable(
              name: g
              typ: <
                FloatArray(
                  size: 2
                )
              >
              annotations: []
            )
          >
        )
      >
      rhs: <
        VariableRef(
          variable --> <
            Variable(
              name: f
              typ: <
                FloatArray(
                  size: 2
                )
              >
              annotations: []
            )
          >
        )
      >
      condition: <
        ConstBool(
          value: 1
        )
      >
      annotations: []
    )
  ]
  variables: [
    Variable(
      name: f
      typ: <
        FloatArray(
          size: 2
        )
      >
      annotations: []
    )
    Variable(
      name: g
      typ: <
        FloatArray(
          size: 2
        )
      >
      annotations: []
    )
  ]
)

