ERROR
Error at input.cq:5:5..12: failed to resolve 'measure' with argument pack (int, qubit)
