ERROR
input.cq:3:9: extraneous input 'abc' expecting ']'
