SUCCESS
Program(
  api_version: 3.0
  version: <
    Version(
      items: 3
    )
  >
  block: <
    Block(
      statements: [
        FunctionCallStatement(
          function_call_value: <
            FunctionCall(
              function: <
                FunctionRef(
                  function --> <
                    Function(
                      name: f
                      param_types: []
                      return_type: -
                      block: <
                        Block(
                          statements: []
                        )
                      >
                      variables: []
                      annotations: []
                    )
                  >
                )
              >
              arguments: []
            )
          >
          annotations: []
        )
      ]
    )
  >
  functions: [
    Function(
      name: f
      param_types: []
      return_type: -
      block: <
        Block(
          statements: []
        )
      >
      variables: []
      annotations: []
    )
  ]
  variables: []
)

