SUCCESS
Program(
  api_version: 3.0
  version: <
    Version(
      items: 3
    )
  >
  qubit_variable_declaration: <
    Variable(
      name: q
      typ: <
        Qubit(
          size: 1
        )
      >
      annotations: []
    )
  >
  block: <
    Block(
      statements: []
    )
  >
)

