SUCCESS
Program(
  api_version: 3.0
  version: <
    Version(
      items: 3
    )
  >
  statements: []
  variables: [
    Variable(
      name: b
      typ: <
        Bit(
          size: 1
        )
      >
      annotations: []
    )
  ]
)

