SUCCESS
Program( # input.cq:1:1..5:1
  version: <
    Version( # input.cq:1:9..12
      items: 1.0
    )
  >
  num_qubits: <
    IntegerLiteral( # input.cq:2:8..10
      value: 10
    )
  >
  statements: <
    StatementList( # input.cq:2:1..5:13
      items: [
        Bundle( # input.cq:4:1..13
          items: [
            Instruction( # input.cq:4:1..13
              name: <
                Identifier( # input.cq:4:3..4
                  name: x
                )
              >
              condition: <
                Identifier( # input.cq:4:5..7
                  name: pi
                )
              >
              operands: <
                ExpressionList( # input.cq:4:9..13
                  items: [
                    Index( # input.cq:4:9..13
                      expr: <
                        Identifier( # input.cq:4:9..10
                          name: q
                        )
                      >
                      indices: <
                        IndexList( # input.cq:4:11..12
                          items: [
                            IndexItem( # input.cq:4:11..12
                              index: <
                                IntegerLiteral( # input.cq:4:11..12
                                  value: 1
                                )
                              >
                            )
                          ]
                        )
                      >
                    )
                  ]
                )
              >
              annotations: []
            )
          ]
          annotations: []
        )
      ]
    )
  >
)

