ERROR
Error at input.cq:3:14..15: failed to resolve mapping 'f'
