SUCCESS
Program(
  api_version: 3.0
  version: <
    Version(
      items: 3
    )
  >
  block: <
    Block(
      statements: [
        AssignmentStatement(
          lhs: <
            VariableRef(
              variable --> <
                Variable(
                  name: f
                  typ: <
                    FloatArray(
                      size: 3
                    )
                  >
                  annotations: []
                )
              >
            )
          >
          rhs: <
            VariableRef(
              variable --> <
                Variable(
                  name: i
                  typ: <
                    IntArray(
                      size: 3
                    )
                  >
                  annotations: []
                )
              >
            )
          >
          annotations: []
        )
      ]
    )
  >
  functions: []
  variables: [
    Variable(
      name: i
      typ: <
        IntArray(
          size: 3
        )
      >
      annotations: []
    )
    Variable(
      name: f
      typ: <
        FloatArray(
          size: 3
        )
      >
      annotations: []
    )
  ]
)

