SUCCESS
Program( # input.cq:1:1..35:1
  api_version: 1.2
  version: <
    Version( # input.cq:1:9..12
      items: 1.0
    )
  >
  num_qubits: 3
  error_model: -
  subcircuits: [
    Subcircuit( # input.cq:6:1..16
      name: 
      iterations: 1
      bundles: []
      annotations: []
      body: <
        Block( # input.cq:6:1..16
          statements: [
            BundleExt( # input.cq:6:1..16
              items: [
                Instruction( # input.cq:6:1..16
                  instruction: reset-averaging()
                  name: reset-averaging
                  condition: <
                    ConstBool(
                      value: 1
                    )
                  >
                  operands: []
                  annotations: []
                )
              ]
              annotations: []
            )
          ]
        )
      >
    )
    Subcircuit( # input.cq:10:1..15
      name: average
      iterations: 1000
      bundles: []
      annotations: []
      body: <
        Block( # input.cq:10:1..23:47
          statements: [
            BundleExt( # input.cq:12:5..18
              items: [
                Instruction( # input.cq:12:5..18
                  instruction: prep_z(qubit reference)
                  name: prep_z
                  condition: <
                    ConstBool(
                      value: 1
                    )
                  >
                  operands: [
                    QubitRefs( # input.cq:12:12..18
                      index: [
                        ConstInt( # input.cq:12:14..17
                          value: 0
                        )
                        ConstInt( # input.cq:12:14..17
                          value: 1
                        )
                        ConstInt( # input.cq:12:14..17
                          value: 2
                        )
                      ]
                    )
                  ]
                  annotations: []
                )
              ]
              annotations: []
            )
            BundleExt( # input.cq:13:5..47
              items: [
                Instruction( # input.cq:13:7..20
                  instruction: rx(qubit reference, real)
                  name: rx
                  condition: <
                    ConstBool(
                      value: 1
                    )
                  >
                  operands: [
                    QubitRefs( # input.cq:13:10..14
                      index: [
                        ConstInt( # input.cq:13:12..13
                          value: 0
                        )
                      ]
                    )
                    ConstReal( # input.cq:13:16..20
                      value: 3.14
                    )
                  ]
                  annotations: []
                )
                Instruction( # input.cq:13:23..36
                  instruction: ry(qubit reference, real)
                  name: ry
                  condition: <
                    ConstBool(
                      value: 1
                    )
                  >
                  operands: [
                    QubitRefs( # input.cq:13:26..30
                      index: [
                        ConstInt( # input.cq:13:28..29
                          value: 1
                        )
                      ]
                    )
                    ConstReal( # input.cq:13:32..36
                      value: 0.23
                    )
                  ]
                  annotations: []
                )
                Instruction( # input.cq:13:39..45
                  instruction: h(qubit reference)
                  name: h
                  condition: <
                    ConstBool(
                      value: 1
                    )
                  >
                  operands: [
                    QubitRefs( # input.cq:13:41..45
                      index: [
                        ConstInt( # input.cq:13:43..44
                          value: 2
                        )
                      ]
                    )
                  ]
                  annotations: []
                )
              ]
              annotations: []
            )
            BundleExt( # input.cq:14:5..18
              items: [
                Instruction( # input.cq:14:5..18
                  instruction: rx(qubit reference, real)
                  name: rx
                  condition: <
                    ConstBool(
                      value: 1
                    )
                  >
                  operands: [
                    QubitRefs( # input.cq:14:8..12
                      index: [
                        ConstInt( # input.cq:14:10..11
                          value: 2
                        )
                      ]
                    )
                    ConstReal( # input.cq:14:14..18
                      value: 3.14
                    )
                  ]
                  annotations: []
                )
              ]
              annotations: []
            )
            BundleExt( # input.cq:15:5..19
              items: [
                Instruction( # input.cq:15:5..19
                  instruction: cnot(qubit reference, qubit reference)
                  name: cnot
                  condition: <
                    ConstBool(
                      value: 1
                    )
                  >
                  operands: [
                    QubitRefs( # input.cq:15:10..14
                      index: [
                        ConstInt( # input.cq:15:12..13
                          value: 2
                        )
                      ]
                    )
                    QubitRefs( # input.cq:15:15..19
                      index: [
                        ConstInt( # input.cq:15:17..18
                          value: 1
                        )
                      ]
                    )
                  ]
                  annotations: []
                )
              ]
              annotations: []
            )
            BundleExt( # input.cq:16:5..31
              items: [
                Instruction( # input.cq:16:7..13
                  instruction: z(qubit reference)
                  name: z
                  condition: <
                    ConstBool(
                      value: 1
                    )
                  >
                  operands: [
                    QubitRefs( # input.cq:16:9..13
                      index: [
                        ConstInt( # input.cq:16:11..12
                          value: 1
                        )
                      ]
                    )
                  ]
                  annotations: []
                )
                Instruction( # input.cq:16:16..29
                  instruction: rx(qubit reference, real)
                  name: rx
                  condition: <
                    ConstBool(
                      value: 1
                    )
                  >
                  operands: [
                    QubitRefs( # input.cq:16:19..23
                      index: [
                        ConstInt( # input.cq:16:21..22
                          value: 2
                        )
                      ]
                    )
                    ConstReal( # input.cq:16:25..29
                      value: 1.57
                    )
                  ]
                  annotations: []
                )
              ]
              annotations: []
            )
            BundleExt( # input.cq:19:5..19
              items: [
                Instruction( # input.cq:19:5..19
                  instruction: measure_z(qubit reference)
                  name: measure_z
                  condition: <
                    ConstBool(
                      value: 1
                    )
                  >
                  operands: [
                    QubitRefs( # input.cq:19:15..19
                      index: [
                        ConstInt( # input.cq:19:17..18
                          value: 1
                        )
                      ]
                    )
                  ]
                  annotations: []
                )
              ]
              annotations: []
            )
            BundleExt( # input.cq:23:5..33
              items: [
                Instruction( # input.cq:23:5..33
                  instruction: measure_parity(qubit reference, axis, qubit reference, axis)
                  name: measure_parity
                  condition: <
                    ConstBool(
                      value: 1
                    )
                  >
                  operands: [
                    QubitRefs( # input.cq:23:20..24
                      index: [
                        ConstInt( # input.cq:23:22..23
                          value: 0
                        )
                      ]
                    )
                    ConstAxis( # input.cq:23:25..26
                      value: X
                    )
                    QubitRefs( # input.cq:23:27..31
                      index: [
                        ConstInt( # input.cq:23:29..30
                          value: 2
                        )
                      ]
                    )
                    ConstAxis( # input.cq:23:32..33
                      value: X
                    )
                  ]
                  annotations: []
                )
              ]
              annotations: []
            )
          ]
        )
      >
    )
    Subcircuit( # input.cq:27:1..8
      name: result
      iterations: 1
      bundles: []
      annotations: []
      body: <
        Block( # input.cq:27:1..31:17
          statements: [
            BundleExt( # input.cq:29:5..17
              items: [
                Instruction( # input.cq:29:5..17
                  instruction: display(bool/bit reference)
                  name: display
                  condition: <
                    ConstBool(
                      value: 1
                    )
                  >
                  operands: [
                    BitRefs( # input.cq:29:13..17
                      index: [
                        ConstInt( # input.cq:29:15..16
                          value: 0
                        )
                      ]
                    )
                  ]
                  annotations: []
                )
              ]
              annotations: []
            )
            BundleExt( # input.cq:31:5..17
              items: [
                Instruction( # input.cq:31:5..17
                  instruction: display(bool/bit reference)
                  name: display
                  condition: <
                    ConstBool(
                      value: 1
                    )
                  >
                  operands: [
                    BitRefs( # input.cq:31:13..17
                      index: [
                        ConstInt( # input.cq:31:15..16
                          value: 1
                        )
                      ]
                    )
                  ]
                  annotations: []
                )
              ]
              annotations: []
            )
          ]
        )
      >
    )
  ]
  mappings: []
  variables: []
)

